=====================================
 From: Local Pc (DESKTOP-E94OVJ9/172.20.1.100/Local Pc-<739e5148fed4471d>)
  at Wed Oct 11 04:40:21 2023 (RSA2/Signed)(sealed)
-------------------------------------
Hi, Send your head to come here!

=====================================
 To: Local Pc (DESKTOP-E94OVJ9/172.20.1.100/Local Pc-<739e5148fed4471d>)
  at Wed Oct 11 04:41:19 2023 (RSA2/Signed)(sealed)
-------------------------------------
Tell me who you are and I will bring my head!


=====================================
 From: Local Pc (DESKTOP-E94OVJ9/172.20.1.100/Local Pc-<739e5148fed4471d>)
  at Wed Oct 11 04:41:44 2023 (RSA2/Signed)(sealed)
-------------------------------------
Guess me, else me who can call him?

=====================================
 From: Local Pc (DESKTOP-E94OVJ9/172.20.1.100/Local Pc-<739e5148fed4471d>)
  at Wed Oct 11 04:45:52 2023 (RSA2/Signed)(sealed)
-------------------------------------
Let me know the result please! Sent hime my msg?

=====================================
 To: Local Pc (DESKTOP-E94OVJ9/172.20.1.100/Local Pc-<739e5148fed4471d>)
  at Wed Oct 11 04:46:16 2023 (RSA2/Signed)(sealed)
-------------------------------------
>Let me know the result please! Sent hime my msg?
What do u mean?

=====================================
 From: Local Pc (DESKTOP-E94OVJ9/172.20.1.100/Local Pc-<739e5148fed4471d>)
  at Wed Oct 11 04:50:18 2023 (RSA2/Signed)(sealed)
-------------------------------------
Why are you sitting there until now? So busy? Now I am waiting your head. Send him my order soon!

=====================================
 To: Local Pc (DESKTOP-E94OVJ9/172.20.1.100/Local Pc-<739e5148fed4471d>)
  at Wed Oct 11 04:52:03 2023 (RSA2/Signed)(sealed)
-------------------------------------
>Why are you sitting there until now? So busy? Now I am waiting your head. Send him my order soon!
I don't who u r yet


=====================================
 From: Local Pc (DESKTOP-E94OVJ9/172.20.1.100/Local Pc-<739e5148fed4471d>)
  at Wed Oct 11 04:52:49 2023 (RSA2/Signed)(sealed)
-------------------------------------
Hi, look at the cam in front of your wall!

=====================================
 From: Local Pc (DESKTOP-E94OVJ9/172.20.1.100/Local Pc-<739e5148fed4471d>)
  at Wed Oct 11 06:48:15 2023 (RSA2/Signed)(sealed)
-------------------------------------
Hi, let me know the information(name vs nickname in your room) please,

=====================================
 From: Local Pc (DESKTOP-E94OVJ9/172.20.1.100/Local Pc-<739e5148fed4471d>)
  at Wed Oct 11 08:00:32 2023 (RSA2/Signed)(sealed)
-------------------------------------
Hi , stop typing, I sent msg before 1 hour ago.

=====================================
 To: Bryan (2-1/SMURF/172.20.102.30/Smurf-<d717036018d84c67>)
  at Wed Oct 11 08:01:00 2023 (RSA2/Signed)(sealed)
-------------------------------------
>Hi, let me know the information(name vs nickname in your room) please,
Toki : Paek Ri Gwang
James Hood: Rim Chol Bom
John: Paek Nam Jun
Bryan: Kim Gwon Chol
Robbie: Kang Yun Myong
Henrie: Jin Hyong Jun
Keven: Kim Jun Il
Brandon: Han Byol Hyok

=====================================
 From: Bryan (2-1/SMURF/172.20.102.30/Smurf-<d717036018d84c67>)
  at Wed Oct 11 08:01:15 2023 (RSA2/Signed)(sealed)
-------------------------------------
>>Hi, let me know the information(name vs nickname in your room) please,
>Toki : Paek Ri Gwang
>James Hood: Rim Chol Bom
>John: Paek Nam Jun
>Bryan: Kim Gwon Chol
>Robbie: Kang Yun Myong
>Henrie: Jin Hyong Jun
>Keven: Kim Jun Il
>Brandon: Han Byol Hyok


